// Jest Snapshot v1, https://goo.gl/fbAQLP

exports[`renders app component 1`] = `
<div
  class="appContainer"
  data-testid="app"
>
  <div
    class="bannerContainer"
    data-testid="banner-image"
    role="banner"
  />
  <div
    class="bodyContainer"
  >
    <div
      class="navigationContainer"
      role="navigation"
    >
      <ul>
        <li>
          <a
            href="#tab_section"
          >
            Tab
          </a>
        </li>
        <li>
          <a
            href="#article_section"
          >
            Article
          </a>
        </li>
        <li>
          <a
            href="#accordian_section"
          >
            Accordian
          </a>
        </li>
        <li>
          <a
            href="#alert_dialog_section"
          >
            Alert Dialog
          </a>
        </li>
        <li>
          <a
            href="#checkbox_section"
          >
            Check Box
          </a>
        </li>
        <li>
          <a
            href="#table_section"
          >
            Table
          </a>
        </li>
      </ul>
    </div>
    <div
      class="mainContainer "
      id="main"
      role="main"
    >
      <h1
        aria-level="1"
        id="main"
        role="heading"
      >
        Main
      </h1>
      <div
        class="mainBodyContainer"
      >
        <div
          aria-labelledby="tab-heading"
          id="tab_section"
          role="region"
        >
          <h2
            id="tabs-heading"
            role="heading"
          >
            Tabs
          </h2>
          <div
            aria-label="Entertainment"
            role="tablist"
          >
            <button
              aria-controls="nils-tab"
              aria-selected="true"
              class="tabButton activeTab"
              data-testid="nils-button"
              id="nils"
              role="tab"
              tabindex="0"
            >
              Nils
            </button>
            <button
              aria-controls="agnes-tab"
              aria-selected="false"
              class="tabButton "
              data-testid="agnes-button"
              id="agnes"
              role="tab"
              tabindex="-1"
            >
              Agnes Obel
            </button>
            <button
              aria-controls="complex-tab"
              aria-selected="false"
              class="tabButton "
              data-testid="complex-button"
              id="complex"
              role="tab"
              tabindex="-1"
            >
              Joke
            </button>
          </div>
          <div
            class="tabPannelContainer"
          >
            <div
              aria-labelledby="nils"
              data-testid="nils-panel"
              id="nils-tab"
              role="tabpanel"
              tabindex="0"
            >
              <p>
                Nils Frahm is a German musician, composer and record producer based in Berlin. He is known for combining classical and electronic music and for an unconventional approach to the piano in which he mixes a grand piano, upright piano, Roland Juno-60, Rhodes piano, drum machine, and Moog Taurus.
              </p>
            </div>
          </div>
        </div>
        <div
          aria-labelledby="article-heading"
          id="article_section"
          role="region"
        >
          <h2
            aria-level="2"
            id="article-heading"
            role="heading"
          >
            Article
          </h2>
          <div
            data-testid="article-1"
            role="article"
          >
            <p>
              Lorem ipsum dolor sit amet, consectetur adipiscing elit. In quibus doctissimi illi veteres inesse quiddam caeleste et divinum putaverunt. Hoc enim identidem dicitis, non intellegere nos quam dicatis voluptatem. Duo Reges: constructio interrete.
              <b>
                Primum in nostrane potestate est, quid meminerimus?
              </b>
              Si verbum sequimur, primum longius verbum praepositum quam bonum. Non est igitur summum malum dolor. Quis istud possit, inquit, negare?
            </p>
          </div>
          <div
            data-testid="article-2"
            role="article"
          >
            <p>
              Primum cur ista res digna odio est, nisi quod est turpis? Bonum incolumis acies: misera caecitas.
              <i>
                Bonum liberi: misera orbitas.
              </i>
               Haeret in salebra. Verba tu fingas et ea dicas, quae non sentias? Negat esse eam, inquit, propter se expetendam.
            </p>
            <p>
              Nam et a te perfici istam disputationem volo, nec tua mihi oratio longa videri potest. Habent enim et bene longam et satis litigiosam disputationem. Tanti autem aderant vesicae et torminum morbi, ut nihil ad eorum magnitudinem posset accedere. 
              <i>
                Res enim concurrent contrariae.
              </i>
               Voluptatem cum summum bonum diceret, primum in eo ipso parum vidit, deinde hoc quoque alienum; Non igitur potestis voluptate omnia dirigentes aut tueri aut retinere virtutem. Quaesita enim virtus est, non quae relinqueret naturam, sed quae tueretur. In qua quid est boni praeter summam voluptatem, et eam sempiternam? Ita relinquet duas, de quibus etiam atque etiam consideret. Erat enim Polemonis. Fortemne possumus dicere eundem illum Torquatum? Ab hoc autem quaedam non melius quam veteres, quaedam omnino relicta.
            </p>
          </div>
        </div>
        <div
          aria-labelledby="accordian-heading"
          data-testid="accordian"
          id="accordian_section"
          role="region"
        >
          <h2
            aria-level="2"
            id="accordian-heading"
            role="heading"
          >
            Accordian
          </h2>
          <div
            class="accordionContainer"
          >
            <button
              aria-controls="accordian-control-personal-info"
              aria-expanded="false"
              class="accordianItemHeader"
              data-testid="personal-info"
              type="button"
            >
              Personal Information
            </button>
            <div
              aria-hidden="true"
              class="accordionItemContainer"
              id="accordian-control-personal-info"
              style="display: none;"
            >
              <div
                aria-labelledby="article-title-1"
                data-testid="article-1"
                role="article"
              >
                <h3
                  aria-level="3"
                  id="article-title-1"
                  role="heading"
                >
                  consectetur adipiscing
                </h3>
                <p>
                  Lorem ipsum dolor sit amet, consectetur adipiscing elit. Tu vero, inquam, ducas licet, si sequetur; Causa autem fuit huc veniendi ut quosdam hinc libros promerem. Quid est, quod ab ea absolvi et perfici debeat? Ut alios omittam, hunc appello, quem ille unum secutus est.
                </p>
              </div>
            </div>
            <button
              aria-controls="accordian-control-other-info"
              aria-expanded="false"
              class="accordianItemHeader"
              data-testid="other-info"
              type="button"
            >
              Other Information
            </button>
            <div
              aria-hidden="true"
              class="accordionItemContainer"
              id="accordian-control-other-info"
              style="display: none;"
            >
              <div
                aria-labelledby="article-title-2"
                data-testid="article-2"
                role="article"
              >
                <h3
                  aria-level="3"
                  id="article-title-2"
                  role="heading"
                >
                  consectetur adipiscing
                </h3>
                <p>
                  Lorem ipsum dolor sit amet, consectetur adipiscing elit. Tu vero, inquam, ducas licet, si sequetur; Causa autem fuit huc veniendi ut quosdam hinc libros promerem. Quid est, quod ab ea absolvi et perfici debeat? Ut alios omittam, hunc appello, quem ille unum secutus est.
                </p>
              </div>
            </div>
          </div>
        </div>
        <div
          aria-labelledby="alert-dialog-heading"
          class="alertDialogContainer"
          data-testid="alert-dialog"
          id="alert_dialog_section"
          role="region"
        >
          <h2
            id="alert-dialog-heading"
            role="heading"
          >
            Alert Dialog
          </h2>
          <button
            aria-label="Trigger Alert"
            data-testid="trigger-alert"
            type="button"
          >
            Trigger Alert
          </button>
          <div
            aria-describedby="alertText"
            aria-labelledby="alertHeading"
            class="dialogContainer"
            role="alertdialog"
            style="display: none;"
          >
            <h2
              id="alertHeading"
            >
              Modal Heading
            </h2>
            <div
              data-testid="alert-diaglog-info"
              id="alertText"
            >
              Lorem ipsum dolor sit amet, consectetur adipiscing elit. Quis istum dolorem timet? Erat enim res aperta. Habes, inquam, Cato, formam eorum, de quibus loquor, philosophorum. Respondeat totidem verbis. Sin tantum modo ad indicia veteris memoriae cognoscenda, curiosorum. Duo Reges: constructio interrete. Cupit enim d√≠cere nihil posse ad beatam vitam deesse sapienti.
            </div>
            <button
              aria-label="Close"
              type="button"
            >
              Close Modal
            </button>
          </div>
        </div>
        <div
          aria-labelledby="checkbox-heading"
          id="checkbox_section"
          role="region"
        >
          <h2
            id="checkbox-heading"
            role="heading"
          >
            Check Box
          </h2>
          <p>
            <b>
              You have selected:
            </b>
          </p>
          <div
            class="checkboxContainer"
          >
            <ul>
              <li
                data-testid="checkbox-lettece"
                role="checkbox"
              >
                <input
                  aria-checked="false"
                  data-testid="checkbox-input-lettece"
                  id="lettece"
                  type="checkbox"
                />
                <div>
                  lettece
                </div>
              </li>
              <li
                data-testid="checkbox-tomato"
                role="checkbox"
              >
                <input
                  aria-checked="false"
                  data-testid="checkbox-input-tomato"
                  id="tomato"
                  type="checkbox"
                />
                <div>
                  tomato
                </div>
              </li>
              <li
                data-testid="checkbox-mustard"
                role="checkbox"
              >
                <input
                  aria-checked="false"
                  data-testid="checkbox-input-mustard"
                  id="mustard"
                  type="checkbox"
                />
                <div>
                  mustard
                </div>
              </li>
              <li
                data-testid="checkbox-sprouts"
                role="checkbox"
              >
                <input
                  aria-checked="false"
                  data-testid="checkbox-input-sprouts"
                  id="sprouts"
                  type="checkbox"
                />
                <div>
                  sprouts
                </div>
              </li>
            </ul>
          </div>
        </div>
        <div
          aria-labelledby="table-heading"
          id="table_section"
          role="region"
        >
          <h2
            id="table-heading"
            role="heading"
          >
            Table
          </h2>
          <table
            aria-label="Expenses"
            class="test"
            role="table"
          >
            <tbody>
              <tr
                class="grayBackground"
              >
                <th>
                  Company
                </th>
                <th>
                  Contact
                </th>
                <th>
                  Country
                </th>
              </tr>
              <tr
                aria-rowindex="0"
              >
                <td>
                  companyA
                </td>
                <td>
                  contactA
                </td>
                <td>
                  countryA
                </td>
              </tr>
              <tr
                aria-rowindex="1"
              >
                <td>
                  companyB
                </td>
                <td>
                  contactB
                </td>
                <td>
                  countryB
                </td>
              </tr>
              <tr
                aria-rowindex="2"
              >
                <td>
                  companyC
                </td>
                <td>
                  contactC
                </td>
                <td>
                  countryC
                </td>
              </tr>
              <tr
                aria-rowindex="3"
              >
                <td>
                  companyD
                </td>
                <td>
                  contactD
                </td>
                <td>
                  countryD
                </td>
              </tr>
              <tr
                aria-rowindex="4"
              >
                <td>
                  companyE
                </td>
                <td>
                  contactE
                </td>
                <td>
                  countryE
                </td>
              </tr>
            </tbody>
          </table>
        </div>
      </div>
    </div>
    <div
      class="rightContainer"
    >
      <form
        class="searchContainer"
        id="search"
        role="search"
      >
        <div>
          Search this site
        </div>
        <input
          aria-label="external-link-search"
          id="search-input"
          name="search"
          size="20"
          type="search"
        />
        <div>
          <input
            type="submit"
            value="Search"
          />
        </div>
      </form>
      <div
        class="complementaryContainer"
        role="complementary"
      >
        <h2>
          External Links
        </h2>
        <ul>
          <li>
            <a
              aria-label="go to google"
              href="www.google.com"
            >
              Google
            </a>
          </li>
          <li>
            <a
              aria-label="go to yahoo"
              href="www.yahoo.com"
            >
              Yahoo
            </a>
          </li>
          <li>
            <a
              aria-label="go to youtube"
              href="www.youtube.com"
            >
              Youtube
            </a>
          </li>
          <li>
            <a
              aria-label="go to twitter"
              href="www.twitter.com"
            >
              Twitter
            </a>
          </li>
        </ul>
      </div>
    </div>
  </div>
  <div
    class="contentInfoContainer"
    role="contentInfo"
  >
    <ul>
      <li>
        <a
          aria-label="go home page"
          href=""
        >
          Home
        </a>
      </li>
      <li>
        <a
          aria-label="go to service page"
          href=""
        >
          Services
        </a>
      </li>
      <li>
        <a
          aria-label="go to about page"
          href=""
        >
          About
        </a>
      </li>
      <li>
        <a
          aria-label="go to terms page"
          href=""
        >
          Terms
        </a>
      </li>
      <li>
        <a
          aria-label="go to privacy policy page"
          href=""
        >
          Privacy Policy
        </a>
      </li>
    </ul>
    <p
      class="copyright"
    >
      Company Name ¬© 2018
    </p>
  </div>
</div>
`;
